
===== bounded-regression @ 2026-09-29T07:48:51.785Z =====
{
  "healthLayersUp": false,
  "runtimeDevices3": false,
  "startCmdState": "completed",
  "eventSeqsAfterStart": [],
  "streamsDuringEvents": 0,
  "startConverged": false,
  "stopReleased": false,
  "releaseCompleted": false,
  "seqsPre": [],
  "seqsPost": [],
  "reconnectCursor": false,
  "noDuplicates": true,
  "connStateLive": false,
  "reloadGate": true,
  "reloadConverged": false,
  "streamRequests": [],
  "normalEventZeroReconnect": false
}

===== bounded-regression @ 2026-09-29T07:59:47.590Z =====
{
  "healthLayersUp": true,
  "runtimeDevices3": true,
  "startCmdState": "completed",
  "eventSeqsAfterStart": [
    5
  ],
  "streamsDuringEvents": 1,
  "startConverged": true,
  "stopReleased": true,
  "releaseCompleted": true,
  "seqsPre": [],
  "seqsPost": [],
  "reconnectCursor": false,
  "noDuplicates": true,
  "connStateLive": false,
  "reloadGate": true,
  "reloadConverged": true,
  "streamRequests": [
    "/events/v1/stream",
    "/events/v1/stream",
    "/events/v1/stream",
    "/events/v1/stream",
    "/events/v1/stream"
  ],
  "normalEventZeroReconnect": true
}

===== sse-cursor-replay @ 2026-09-29T08:01:17.819Z =====
{
  "sawEventsBeforeBreak": [
    13,
    12
  ],
  "lastSeq": 13,
  "reconnectUrls": [
    "/events/v1/stream?cursor=13",
    "/events/v1/stream?cursor=13",
    "/events/v1/stream?cursor=13"
  ],
  "cursorReconnect": true,
  "noDuplicates": true,
  "liveResumedNewEvent": true,
  "stateLive": false
}

===== failure-recovery @ 2026-09-29T08:02:03.190Z =====
{
  "oldPid": "3839712",
  "failureVisible": false,
  "recovered": true,
  "failExcerpt": " VBMF Web ConsoleHealthRuntimeSessionsEventsBuild: devOperator: configured4-state machinedesired—requested— (—)executing—observedUnknowndivergenceokdesired=— | requested=— | executing=— | observed=UnknownStart sessiondevice_idStartno command yetStop sessionStopno command yetRelease sessionReleaseno "
}

===== failure-recovery @ 2026-09-29T08:03:40.187Z =====
{
  "oldPid": "already-stopped",
  "failureVisible": false,
  "recovered": true,
  "failExcerpt": " VBMF Web ConsoleHealthRuntimeSessionsEventsBuild: devOperator: configured4-state machinedesired—requested— (—)executing—observed—divergenceokdesired=— | requested=— | executing=— | observed=—Start sessiondevice_idStartno command yetStop sessionStopno command yetRelease sessionReleaseno command yetm"
}

===== failure-recovery-final @ 2026-09-29T08:06:23.562Z =====
{
  "healthyObserved": true,
  "failureVisible": true,
  "recovered": true,
  "failExcerpt": " VBMF Web ConsoleHealthRuntimeSessionsEventsBuild: devOperator: configured4-state machinedesired—requested— (—)executing—observedUnknowndivergenceokdesired=— | requested=— | executing=— | observed=UnknownStart sessiondevice_idStartno command yetStop sessionStopno command yetRelease sessionReleaseno command yetmedia-agent runtime control is unreachable "
}
